------------------------------------------------------------
TimeQuest Timing Analyzer Summary
------------------------------------------------------------

Type  : Slow Model Setup 'clk'
Slack : -1.881
TNS   : -46.219

Type  : Slow Model Setup 'bus_ir[12]'
Slack : -1.134
TNS   : -7.040

Type  : Slow Model Hold 'clk'
Slack : -0.314
TNS   : -4.710

Type  : Slow Model Hold 'bus_ir[12]'
Slack : 0.506
TNS   : 0.000

Type  : Slow Model Recovery 'bus_ir[12]'
Slack : -1.540
TNS   : -3.047

Type  : Slow Model Removal 'bus_ir[12]'
Slack : -2.044
TNS   : -4.074

Type  : Slow Model Minimum Pulse Width 'clk'
Slack : -1.631
TNS   : -43.179

Type  : Slow Model Minimum Pulse Width 'bus_ir[12]'
Slack : 0.500
TNS   : 0.000

Type  : Fast Model Setup 'clk'
Slack : -0.646
TNS   : -2.540

Type  : Fast Model Setup 'bus_ir[12]'
Slack : -0.306
TNS   : -2.048

Type  : Fast Model Hold 'clk'
Slack : -0.741
TNS   : -11.115

Type  : Fast Model Hold 'bus_ir[12]'
Slack : 0.780
TNS   : 0.000

Type  : Fast Model Recovery 'bus_ir[12]'
Slack : -0.007
TNS   : -0.007

Type  : Fast Model Removal 'bus_ir[12]'
Slack : -1.322
TNS   : -2.620

Type  : Fast Model Minimum Pulse Width 'clk'
Slack : -1.380
TNS   : -35.380

Type  : Fast Model Minimum Pulse Width 'bus_ir[12]'
Slack : 0.500
TNS   : 0.000

------------------------------------------------------------
