TimeQuest Timing Analyzer report for ProcesadorMulticicle
Thu Mar 15 14:03:25 2018
Quartus II 64-Bit Version 13.0.1 Build 232 06/12/2013 Service Pack 1 SJ Web Edition


---------------------
; Table of Contents ;
---------------------
  1. Legal Notice
  2. TimeQuest Timing Analyzer Summary
  3. Parallel Compilation
  4. Clocks
  5. Slow Model Fmax Summary
  6. Slow Model Setup Summary
  7. Slow Model Hold Summary
  8. Slow Model Recovery Summary
  9. Slow Model Removal Summary
 10. Slow Model Minimum Pulse Width Summary
 11. Slow Model Recovery: 'ir[12]'
 12. Slow Model Removal: 'ir[12]'
 13. Slow Model Minimum Pulse Width: 'ir[12]'
 14. Setup Times
 15. Hold Times
 16. Clock to Output Times
 17. Minimum Clock to Output Times
 18. Propagation Delay
 19. Minimum Propagation Delay
 20. Fast Model Setup Summary
 21. Fast Model Hold Summary
 22. Fast Model Recovery Summary
 23. Fast Model Removal Summary
 24. Fast Model Minimum Pulse Width Summary
 25. Fast Model Recovery: 'ir[12]'
 26. Fast Model Removal: 'ir[12]'
 27. Fast Model Minimum Pulse Width: 'ir[12]'
 28. Setup Times
 29. Hold Times
 30. Clock to Output Times
 31. Minimum Clock to Output Times
 32. Propagation Delay
 33. Minimum Propagation Delay
 34. Multicorner Timing Analysis Summary
 35. Setup Times
 36. Hold Times
 37. Clock to Output Times
 38. Minimum Clock to Output Times
 39. Progagation Delay
 40. Minimum Progagation Delay
 41. Recovery Transfers
 42. Removal Transfers
 43. Report TCCS
 44. Report RSKM
 45. Unconstrained Paths
 46. TimeQuest Timing Analyzer Messages



----------------
; Legal Notice ;
----------------
Copyright (C) 1991-2013 Altera Corporation
Your use of Altera Corporation's design tools, logic functions 
and other software and tools, and its AMPP partner logic 
functions, and any output files from any of the foregoing 
(including device programming or simulation files), and any 
associated documentation or information are expressly subject 
to the terms and conditions of the Altera Program License 
Subscription Agreement, Altera MegaCore Function License 
Agreement, or other applicable license agreement, including, 
without limitation, that your use is for the sole purpose of 
programming logic devices manufactured by Altera and sold by 
Altera or its authorized distributors.  Please refer to the 
applicable agreement for further details.



+----------------------------------------------------------------------------------------+
; TimeQuest Timing Analyzer Summary                                                      ;
+--------------------+-------------------------------------------------------------------+
; Quartus II Version ; Version 13.0.1 Build 232 06/12/2013 Service Pack 1 SJ Web Edition ;
; Revision Name      ; ProcesadorMulticicle                                              ;
; Device Family      ; Cyclone II                                                        ;
; Device Name        ; EP2C20F484C7                                                      ;
; Timing Models      ; Final                                                             ;
; Delay Model        ; Combined                                                          ;
; Rise/Fall Delays   ; Unavailable                                                       ;
+--------------------+-------------------------------------------------------------------+


+------------------------------------------+
; Parallel Compilation                     ;
+----------------------------+-------------+
; Processors                 ; Number      ;
+----------------------------+-------------+
; Number detected on machine ; 8           ;
; Maximum allowed            ; 4           ;
;                            ;             ;
; Average used               ; 1.00        ;
; Maximum used               ; 1           ;
;                            ;             ;
; Usage by Processor         ; % Time Used ;
;     Processor 1            ; 100.0%      ;
;     Processors 2-8         ;   0.0%      ;
+----------------------------+-------------+


+------------------------------------------------------------------------------------------------------------------------------------------------------------------------------------+
; Clocks                                                                                                                                                                             ;
+------------+------+--------+------------+-------+-------+------------+-----------+-------------+-------+--------+-----------+------------+----------+--------+--------+------------+
; Clock Name ; Type ; Period ; Frequency  ; Rise  ; Fall  ; Duty Cycle ; Divide by ; Multiply by ; Phase ; Offset ; Edge List ; Edge Shift ; Inverted ; Master ; Source ; Targets    ;
+------------+------+--------+------------+-------+-------+------------+-----------+-------------+-------+--------+-----------+------------+----------+--------+--------+------------+
; ir[12]     ; Base ; 1.000  ; 1000.0 MHz ; 0.000 ; 0.500 ;            ;           ;             ;       ;        ;           ;            ;          ;        ;        ; { ir[12] } ;
+------------+------+--------+------------+-------+-------+------------+-----------+-------------+-------+--------+-----------+------------+----------+--------+--------+------------+


---------------------------
; Slow Model Fmax Summary ;
---------------------------
No paths to report.


----------------------------
; Slow Model Setup Summary ;
----------------------------
No paths to report.


---------------------------
; Slow Model Hold Summary ;
---------------------------
No paths to report.


+--------------------------------+
; Slow Model Recovery Summary    ;
+--------+-------+---------------+
; Clock  ; Slack ; End Point TNS ;
+--------+-------+---------------+
; ir[12] ; 0.724 ; 0.000         ;
+--------+-------+---------------+


+---------------------------------+
; Slow Model Removal Summary      ;
+--------+--------+---------------+
; Clock  ; Slack  ; End Point TNS ;
+--------+--------+---------------+
; ir[12] ; -1.221 ; -2.441        ;
+--------+--------+---------------+


+----------------------------------------+
; Slow Model Minimum Pulse Width Summary ;
+--------+--------+----------------------+
; Clock  ; Slack  ; End Point TNS        ;
+--------+--------+----------------------+
; ir[12] ; -1.469 ; -1.469               ;
+--------+--------+----------------------+


+----------------------------------------------------------------------------------------------------------+
; Slow Model Recovery: 'ir[12]'                                                                            ;
+-------+-----------+----------------+--------------+-------------+--------------+------------+------------+
; Slack ; From Node ; To Node        ; Launch Clock ; Latch Clock ; Relationship ; Clock Skew ; Data Delay ;
+-------+-----------+----------------+--------------+-------------+--------------+------------+------------+
; 0.724 ; ir[12]    ; immed[7]$latch ; ir[12]       ; ir[12]      ; 0.500        ; 4.727      ; 3.507      ;
; 0.725 ; ir[12]    ; immed[6]$latch ; ir[12]       ; ir[12]      ; 0.500        ; 4.727      ; 3.506      ;
; 1.224 ; ir[12]    ; immed[7]$latch ; ir[12]       ; ir[12]      ; 1.000        ; 4.727      ; 3.507      ;
; 1.225 ; ir[12]    ; immed[6]$latch ; ir[12]       ; ir[12]      ; 1.000        ; 4.727      ; 3.506      ;
+-------+-----------+----------------+--------------+-------------+--------------+------------+------------+


+-----------------------------------------------------------------------------------------------------------+
; Slow Model Removal: 'ir[12]'                                                                              ;
+--------+-----------+----------------+--------------+-------------+--------------+------------+------------+
; Slack  ; From Node ; To Node        ; Launch Clock ; Latch Clock ; Relationship ; Clock Skew ; Data Delay ;
+--------+-----------+----------------+--------------+-------------+--------------+------------+------------+
; -1.221 ; ir[12]    ; immed[6]$latch ; ir[12]       ; ir[12]      ; 0.000        ; 4.727      ; 3.506      ;
; -1.220 ; ir[12]    ; immed[7]$latch ; ir[12]       ; ir[12]      ; 0.000        ; 4.727      ; 3.507      ;
; -0.721 ; ir[12]    ; immed[6]$latch ; ir[12]       ; ir[12]      ; -0.500       ; 4.727      ; 3.506      ;
; -0.720 ; ir[12]    ; immed[7]$latch ; ir[12]       ; ir[12]      ; -0.500       ; 4.727      ; 3.507      ;
+--------+-----------+----------------+--------------+-------------+--------------+------------+------------+


+---------------------------------------------------------------------------------------------------------------+
; Slow Model Minimum Pulse Width: 'ir[12]'                                                                      ;
+--------+--------------+----------------+------------------+--------+------------+-----------------------------+
; Slack  ; Actual Width ; Required Width ; Type             ; Clock  ; Clock Edge ; Target                      ;
+--------+--------------+----------------+------------------+--------+------------+-----------------------------+
; -1.469 ; 1.000        ; 2.469          ; Port Rate        ; ir[12] ; Rise       ; ir[12]                      ;
; 0.500  ; 0.500        ; 0.000          ; High Pulse Width ; ir[12] ; Rise       ; Equal0~0clkctrl|inclk[0]    ;
; 0.500  ; 0.500        ; 0.000          ; Low Pulse Width  ; ir[12] ; Rise       ; Equal0~0clkctrl|inclk[0]    ;
; 0.500  ; 0.500        ; 0.000          ; High Pulse Width ; ir[12] ; Rise       ; Equal0~0clkctrl|outclk      ;
; 0.500  ; 0.500        ; 0.000          ; Low Pulse Width  ; ir[12] ; Rise       ; Equal0~0clkctrl|outclk      ;
; 0.500  ; 0.500        ; 0.000          ; High Pulse Width ; ir[12] ; Rise       ; Equal0~0|combout            ;
; 0.500  ; 0.500        ; 0.000          ; Low Pulse Width  ; ir[12] ; Rise       ; Equal0~0|combout            ;
; 0.500  ; 0.500        ; 0.000          ; High Pulse Width ; ir[12] ; Rise       ; Equal0~0|datad              ;
; 0.500  ; 0.500        ; 0.000          ; Low Pulse Width  ; ir[12] ; Rise       ; Equal0~0|datad              ;
; 0.500  ; 0.500        ; 0.000          ; High Pulse Width ; ir[12] ; Fall       ; immed[0]$latch              ;
; 0.500  ; 0.500        ; 0.000          ; Low Pulse Width  ; ir[12] ; Fall       ; immed[0]$latch              ;
; 0.500  ; 0.500        ; 0.000          ; High Pulse Width ; ir[12] ; Rise       ; immed[0]$latch|datad        ;
; 0.500  ; 0.500        ; 0.000          ; Low Pulse Width  ; ir[12] ; Rise       ; immed[0]$latch|datad        ;
; 0.500  ; 0.500        ; 0.000          ; High Pulse Width ; ir[12] ; Rise       ; immed[15]~1clkctrl|inclk[0] ;
; 0.500  ; 0.500        ; 0.000          ; Low Pulse Width  ; ir[12] ; Rise       ; immed[15]~1clkctrl|inclk[0] ;
; 0.500  ; 0.500        ; 0.000          ; High Pulse Width ; ir[12] ; Rise       ; immed[15]~1clkctrl|outclk   ;
; 0.500  ; 0.500        ; 0.000          ; Low Pulse Width  ; ir[12] ; Rise       ; immed[15]~1clkctrl|outclk   ;
; 0.500  ; 0.500        ; 0.000          ; High Pulse Width ; ir[12] ; Rise       ; immed[15]~1|combout         ;
; 0.500  ; 0.500        ; 0.000          ; Low Pulse Width  ; ir[12] ; Rise       ; immed[15]~1|combout         ;
; 0.500  ; 0.500        ; 0.000          ; High Pulse Width ; ir[12] ; Rise       ; immed[15]~1|datad           ;
; 0.500  ; 0.500        ; 0.000          ; Low Pulse Width  ; ir[12] ; Rise       ; immed[15]~1|datad           ;
; 0.500  ; 0.500        ; 0.000          ; High Pulse Width ; ir[12] ; Fall       ; immed[1]$latch              ;
; 0.500  ; 0.500        ; 0.000          ; Low Pulse Width  ; ir[12] ; Fall       ; immed[1]$latch              ;
; 0.500  ; 0.500        ; 0.000          ; High Pulse Width ; ir[12] ; Rise       ; immed[1]$latch|datad        ;
; 0.500  ; 0.500        ; 0.000          ; Low Pulse Width  ; ir[12] ; Rise       ; immed[1]$latch|datad        ;
; 0.500  ; 0.500        ; 0.000          ; High Pulse Width ; ir[12] ; Fall       ; immed[2]$latch              ;
; 0.500  ; 0.500        ; 0.000          ; Low Pulse Width  ; ir[12] ; Fall       ; immed[2]$latch              ;
; 0.500  ; 0.500        ; 0.000          ; High Pulse Width ; ir[12] ; Rise       ; immed[2]$latch|datad        ;
; 0.500  ; 0.500        ; 0.000          ; Low Pulse Width  ; ir[12] ; Rise       ; immed[2]$latch|datad        ;
; 0.500  ; 0.500        ; 0.000          ; High Pulse Width ; ir[12] ; Fall       ; immed[3]$latch              ;
; 0.500  ; 0.500        ; 0.000          ; Low Pulse Width  ; ir[12] ; Fall       ; immed[3]$latch              ;
; 0.500  ; 0.500        ; 0.000          ; High Pulse Width ; ir[12] ; Rise       ; immed[3]$latch|datad        ;
; 0.500  ; 0.500        ; 0.000          ; Low Pulse Width  ; ir[12] ; Rise       ; immed[3]$latch|datad        ;
; 0.500  ; 0.500        ; 0.000          ; High Pulse Width ; ir[12] ; Fall       ; immed[4]$latch              ;
; 0.500  ; 0.500        ; 0.000          ; Low Pulse Width  ; ir[12] ; Fall       ; immed[4]$latch              ;
; 0.500  ; 0.500        ; 0.000          ; High Pulse Width ; ir[12] ; Rise       ; immed[4]$latch|datad        ;
; 0.500  ; 0.500        ; 0.000          ; Low Pulse Width  ; ir[12] ; Rise       ; immed[4]$latch|datad        ;
; 0.500  ; 0.500        ; 0.000          ; High Pulse Width ; ir[12] ; Fall       ; immed[5]$latch              ;
; 0.500  ; 0.500        ; 0.000          ; Low Pulse Width  ; ir[12] ; Fall       ; immed[5]$latch              ;
; 0.500  ; 0.500        ; 0.000          ; High Pulse Width ; ir[12] ; Rise       ; immed[5]$latch|datad        ;
; 0.500  ; 0.500        ; 0.000          ; Low Pulse Width  ; ir[12] ; Rise       ; immed[5]$latch|datad        ;
; 0.500  ; 0.500        ; 0.000          ; High Pulse Width ; ir[12] ; Fall       ; immed[6]$latch              ;
; 0.500  ; 0.500        ; 0.000          ; Low Pulse Width  ; ir[12] ; Fall       ; immed[6]$latch              ;
; 0.500  ; 0.500        ; 0.000          ; High Pulse Width ; ir[12] ; Rise       ; immed[6]$latch|datad        ;
; 0.500  ; 0.500        ; 0.000          ; Low Pulse Width  ; ir[12] ; Rise       ; immed[6]$latch|datad        ;
; 0.500  ; 0.500        ; 0.000          ; High Pulse Width ; ir[12] ; Fall       ; immed[7]$latch              ;
; 0.500  ; 0.500        ; 0.000          ; Low Pulse Width  ; ir[12] ; Fall       ; immed[7]$latch              ;
; 0.500  ; 0.500        ; 0.000          ; High Pulse Width ; ir[12] ; Rise       ; immed[7]$latch|datad        ;
; 0.500  ; 0.500        ; 0.000          ; Low Pulse Width  ; ir[12] ; Rise       ; immed[7]$latch|datad        ;
; 0.500  ; 0.500        ; 0.000          ; High Pulse Width ; ir[12] ; Rise       ; ir[12]|combout              ;
; 0.500  ; 0.500        ; 0.000          ; Low Pulse Width  ; ir[12] ; Rise       ; ir[12]|combout              ;
+--------+--------------+----------------+------------------+--------+------------+-----------------------------+


+-----------------------------------------------------------------------+
; Setup Times                                                           ;
+-----------+------------+-------+-------+------------+-----------------+
; Data Port ; Clock Port ; Rise  ; Fall  ; Clock Edge ; Clock Reference ;
+-----------+------------+-------+-------+------------+-----------------+
; ir[*]     ; ir[12]     ; 3.498 ; 3.498 ; Fall       ; ir[12]          ;
;  ir[0]    ; ir[12]     ; 2.499 ; 2.499 ; Fall       ; ir[12]          ;
;  ir[1]    ; ir[12]     ; 2.505 ; 2.505 ; Fall       ; ir[12]          ;
;  ir[2]    ; ir[12]     ; 2.500 ; 2.500 ; Fall       ; ir[12]          ;
;  ir[3]    ; ir[12]     ; 2.481 ; 2.481 ; Fall       ; ir[12]          ;
;  ir[4]    ; ir[12]     ; 2.196 ; 2.196 ; Fall       ; ir[12]          ;
;  ir[5]    ; ir[12]     ; 2.549 ; 2.549 ; Fall       ; ir[12]          ;
;  ir[6]    ; ir[12]     ; 3.453 ; 3.453 ; Fall       ; ir[12]          ;
;  ir[7]    ; ir[12]     ; 3.498 ; 3.498 ; Fall       ; ir[12]          ;
+-----------+------------+-------+-------+------------+-----------------+


+-------------------------------------------------------------------------+
; Hold Times                                                              ;
+-----------+------------+--------+--------+------------+-----------------+
; Data Port ; Clock Port ; Rise   ; Fall   ; Clock Edge ; Clock Reference ;
+-----------+------------+--------+--------+------------+-----------------+
; ir[*]     ; ir[12]     ; -1.395 ; -1.395 ; Fall       ; ir[12]          ;
;  ir[0]    ; ir[12]     ; -1.699 ; -1.699 ; Fall       ; ir[12]          ;
;  ir[1]    ; ir[12]     ; -1.705 ; -1.705 ; Fall       ; ir[12]          ;
;  ir[2]    ; ir[12]     ; -1.700 ; -1.700 ; Fall       ; ir[12]          ;
;  ir[3]    ; ir[12]     ; -1.681 ; -1.681 ; Fall       ; ir[12]          ;
;  ir[4]    ; ir[12]     ; -1.395 ; -1.395 ; Fall       ; ir[12]          ;
;  ir[5]    ; ir[12]     ; -1.748 ; -1.748 ; Fall       ; ir[12]          ;
;  ir[6]    ; ir[12]     ; -2.457 ; -2.457 ; Fall       ; ir[12]          ;
;  ir[7]    ; ir[12]     ; -2.502 ; -2.502 ; Fall       ; ir[12]          ;
+-----------+------------+--------+--------+------------+-----------------+


+-------------------------------------------------------------------------+
; Clock to Output Times                                                   ;
+-----------+------------+--------+--------+------------+-----------------+
; Data Port ; Clock Port ; Rise   ; Fall   ; Clock Edge ; Clock Reference ;
+-----------+------------+--------+--------+------------+-----------------+
; immed_x2  ; ir[12]     ; 10.452 ; 10.452 ; Rise       ; ir[12]          ;
; in_d      ; ir[12]     ; 10.154 ; 10.154 ; Rise       ; ir[12]          ;
; ldpc      ; ir[12]     ; 10.397 ; 10.397 ; Rise       ; ir[12]          ;
; word_byte ; ir[12]     ; 10.416 ; 10.416 ; Rise       ; ir[12]          ;
; wr_m      ; ir[12]     ; 10.373 ; 10.373 ; Rise       ; ir[12]          ;
; immed[*]  ; ir[12]     ; 8.747  ; 8.747  ; Fall       ; ir[12]          ;
;  immed[0] ; ir[12]     ; 8.568  ; 8.568  ; Fall       ; ir[12]          ;
;  immed[1] ; ir[12]     ; 8.556  ; 8.556  ; Fall       ; ir[12]          ;
;  immed[2] ; ir[12]     ; 8.465  ; 8.465  ; Fall       ; ir[12]          ;
;  immed[3] ; ir[12]     ; 8.527  ; 8.527  ; Fall       ; ir[12]          ;
;  immed[4] ; ir[12]     ; 8.216  ; 8.216  ; Fall       ; ir[12]          ;
;  immed[5] ; ir[12]     ; 8.596  ; 8.596  ; Fall       ; ir[12]          ;
;  immed[6] ; ir[12]     ; 8.672  ; 8.672  ; Fall       ; ir[12]          ;
;  immed[7] ; ir[12]     ; 8.747  ; 8.747  ; Fall       ; ir[12]          ;
; immed_x2  ; ir[12]     ; 10.452 ; 10.452 ; Fall       ; ir[12]          ;
; in_d      ; ir[12]     ; 10.154 ; 10.154 ; Fall       ; ir[12]          ;
; ldpc      ; ir[12]     ; 10.397 ; 10.397 ; Fall       ; ir[12]          ;
; word_byte ; ir[12]     ; 10.416 ; 10.416 ; Fall       ; ir[12]          ;
; wr_m      ; ir[12]     ; 10.373 ; 10.373 ; Fall       ; ir[12]          ;
+-----------+------------+--------+--------+------------+-----------------+


+-------------------------------------------------------------------------+
; Minimum Clock to Output Times                                           ;
+-----------+------------+--------+--------+------------+-----------------+
; Data Port ; Clock Port ; Rise   ; Fall   ; Clock Edge ; Clock Reference ;
+-----------+------------+--------+--------+------------+-----------------+
; immed_x2  ; ir[12]     ; 10.452 ; 10.452 ; Rise       ; ir[12]          ;
; in_d      ; ir[12]     ; 10.154 ; 10.154 ; Rise       ; ir[12]          ;
; ldpc      ; ir[12]     ; 10.397 ; 10.397 ; Rise       ; ir[12]          ;
; word_byte ; ir[12]     ; 10.416 ; 10.416 ; Rise       ; ir[12]          ;
; wr_m      ; ir[12]     ; 10.373 ; 10.373 ; Rise       ; ir[12]          ;
; immed[*]  ; ir[12]     ; 8.216  ; 8.216  ; Fall       ; ir[12]          ;
;  immed[0] ; ir[12]     ; 8.568  ; 8.568  ; Fall       ; ir[12]          ;
;  immed[1] ; ir[12]     ; 8.556  ; 8.556  ; Fall       ; ir[12]          ;
;  immed[2] ; ir[12]     ; 8.465  ; 8.465  ; Fall       ; ir[12]          ;
;  immed[3] ; ir[12]     ; 8.527  ; 8.527  ; Fall       ; ir[12]          ;
;  immed[4] ; ir[12]     ; 8.216  ; 8.216  ; Fall       ; ir[12]          ;
;  immed[5] ; ir[12]     ; 8.596  ; 8.596  ; Fall       ; ir[12]          ;
;  immed[6] ; ir[12]     ; 8.672  ; 8.672  ; Fall       ; ir[12]          ;
;  immed[7] ; ir[12]     ; 8.747  ; 8.747  ; Fall       ; ir[12]          ;
; immed_x2  ; ir[12]     ; 10.452 ; 10.452 ; Fall       ; ir[12]          ;
; in_d      ; ir[12]     ; 10.154 ; 10.154 ; Fall       ; ir[12]          ;
; ldpc      ; ir[12]     ; 10.397 ; 10.397 ; Fall       ; ir[12]          ;
; word_byte ; ir[12]     ; 10.416 ; 10.416 ; Fall       ; ir[12]          ;
; wr_m      ; ir[12]     ; 10.373 ; 10.373 ; Fall       ; ir[12]          ;
+-----------+------------+--------+--------+------------+-----------------+


+--------------------------------------------------------------+
; Propagation Delay                                            ;
+------------+-------------+--------+--------+--------+--------+
; Input Port ; Output Port ; RR     ; RF     ; FR     ; FF     ;
+------------+-------------+--------+--------+--------+--------+
; ir[6]      ; addr_a[0]   ; 9.493  ;        ;        ; 9.493  ;
; ir[7]      ; addr_a[1]   ; 9.504  ;        ;        ; 9.504  ;
; ir[8]      ; addr_a[2]   ; 9.581  ;        ;        ; 9.581  ;
; ir[9]      ; addr_b[0]   ; 9.626  ;        ;        ; 9.626  ;
; ir[9]      ; addr_d[0]   ; 9.606  ;        ;        ; 9.606  ;
; ir[10]     ; addr_b[1]   ; 9.340  ;        ;        ; 9.340  ;
; ir[10]     ; addr_d[1]   ; 9.340  ;        ;        ; 9.340  ;
; ir[11]     ; addr_b[2]   ; 8.503  ;        ;        ; 8.503  ;
; ir[11]     ; addr_d[2]   ; 8.503  ;        ;        ; 8.503  ;
; ir[13]     ; immed_x2    ; 10.991 ; 10.991 ; 10.991 ; 10.991 ;
; ir[13]     ; in_d        ; 10.694 ; 10.694 ; 10.694 ; 10.694 ;
; ir[13]     ; ldpc        ;        ; 10.903 ; 10.903 ;        ;
; ir[13]     ; word_byte   ; 10.955 ; 10.955 ; 10.955 ; 10.955 ;
; ir[13]     ; wr_m        ; 10.955 ; 10.955 ; 10.955 ; 10.955 ;
; ir[14]     ; immed_x2    ; 11.028 ; 11.028 ; 11.028 ; 11.028 ;
; ir[14]     ; in_d        ; 10.731 ; 10.731 ; 10.731 ; 10.731 ;
; ir[14]     ; ldpc        ;        ; 10.973 ; 10.973 ;        ;
; ir[14]     ; word_byte   ; 10.988 ;        ;        ; 10.988 ;
; ir[14]     ; wr_m        ; 10.991 ;        ;        ; 10.991 ;
; ir[15]     ; immed_x2    ;        ; 10.938 ; 10.938 ;        ;
; ir[15]     ; in_d        ; 10.664 ; 10.664 ; 10.664 ; 10.664 ;
; ir[15]     ; ldpc        ;        ; 10.913 ; 10.913 ;        ;
; ir[15]     ; word_byte   ; 10.956 ;        ;        ; 10.956 ;
; ir[15]     ; wr_m        ; 10.961 ; 10.961 ; 10.961 ; 10.961 ;
+------------+-------------+--------+--------+--------+--------+


+--------------------------------------------------------------+
; Minimum Propagation Delay                                    ;
+------------+-------------+--------+--------+--------+--------+
; Input Port ; Output Port ; RR     ; RF     ; FR     ; FF     ;
+------------+-------------+--------+--------+--------+--------+
; ir[6]      ; addr_a[0]   ; 9.493  ;        ;        ; 9.493  ;
; ir[7]      ; addr_a[1]   ; 9.504  ;        ;        ; 9.504  ;
; ir[8]      ; addr_a[2]   ; 9.581  ;        ;        ; 9.581  ;
; ir[9]      ; addr_b[0]   ; 9.626  ;        ;        ; 9.626  ;
; ir[9]      ; addr_d[0]   ; 9.606  ;        ;        ; 9.606  ;
; ir[10]     ; addr_b[1]   ; 9.340  ;        ;        ; 9.340  ;
; ir[10]     ; addr_d[1]   ; 9.340  ;        ;        ; 9.340  ;
; ir[11]     ; addr_b[2]   ; 8.503  ;        ;        ; 8.503  ;
; ir[11]     ; addr_d[2]   ; 8.503  ;        ;        ; 8.503  ;
; ir[13]     ; immed_x2    ; 10.991 ; 10.991 ; 10.991 ; 10.991 ;
; ir[13]     ; in_d        ; 10.694 ; 10.694 ; 10.694 ; 10.694 ;
; ir[13]     ; ldpc        ;        ; 10.903 ; 10.903 ;        ;
; ir[13]     ; word_byte   ; 10.955 ; 10.955 ; 10.955 ; 10.955 ;
; ir[13]     ; wr_m        ; 10.955 ; 10.955 ; 10.955 ; 10.955 ;
; ir[14]     ; immed_x2    ; 11.028 ; 11.028 ; 11.028 ; 11.028 ;
; ir[14]     ; in_d        ; 10.731 ; 10.731 ; 10.731 ; 10.731 ;
; ir[14]     ; ldpc        ;        ; 10.973 ; 10.973 ;        ;
; ir[14]     ; word_byte   ; 10.988 ;        ;        ; 10.988 ;
; ir[14]     ; wr_m        ; 10.991 ;        ;        ; 10.991 ;
; ir[15]     ; immed_x2    ;        ; 10.938 ; 10.938 ;        ;
; ir[15]     ; in_d        ; 10.664 ; 10.664 ; 10.664 ; 10.664 ;
; ir[15]     ; ldpc        ;        ; 10.913 ; 10.913 ;        ;
; ir[15]     ; word_byte   ; 10.956 ;        ;        ; 10.956 ;
; ir[15]     ; wr_m        ; 10.961 ; 10.961 ; 10.961 ; 10.961 ;
+------------+-------------+--------+--------+--------+--------+


----------------------------
; Fast Model Setup Summary ;
----------------------------
No paths to report.


---------------------------
; Fast Model Hold Summary ;
---------------------------
No paths to report.


+--------------------------------+
; Fast Model Recovery Summary    ;
+--------+-------+---------------+
; Clock  ; Slack ; End Point TNS ;
+--------+-------+---------------+
; ir[12] ; 1.123 ; 0.000         ;
+--------+-------+---------------+


+---------------------------------+
; Fast Model Removal Summary      ;
+--------+--------+---------------+
; Clock  ; Slack  ; End Point TNS ;
+--------+--------+---------------+
; ir[12] ; -0.968 ; -1.933        ;
+--------+--------+---------------+


+----------------------------------------+
; Fast Model Minimum Pulse Width Summary ;
+--------+--------+----------------------+
; Clock  ; Slack  ; End Point TNS        ;
+--------+--------+----------------------+
; ir[12] ; -1.222 ; -1.222               ;
+--------+--------+----------------------+


+----------------------------------------------------------------------------------------------------------+
; Fast Model Recovery: 'ir[12]'                                                                            ;
+-------+-----------+----------------+--------------+-------------+--------------+------------+------------+
; Slack ; From Node ; To Node        ; Launch Clock ; Latch Clock ; Relationship ; Clock Skew ; Data Delay ;
+-------+-----------+----------------+--------------+-------------+--------------+------------+------------+
; 1.123 ; ir[12]    ; immed[7]$latch ; ir[12]       ; ir[12]      ; 0.500        ; 2.498      ; 1.533      ;
; 1.126 ; ir[12]    ; immed[6]$latch ; ir[12]       ; ir[12]      ; 0.500        ; 2.499      ; 1.531      ;
; 1.623 ; ir[12]    ; immed[7]$latch ; ir[12]       ; ir[12]      ; 1.000        ; 2.498      ; 1.533      ;
; 1.626 ; ir[12]    ; immed[6]$latch ; ir[12]       ; ir[12]      ; 1.000        ; 2.499      ; 1.531      ;
+-------+-----------+----------------+--------------+-------------+--------------+------------+------------+


+-----------------------------------------------------------------------------------------------------------+
; Fast Model Removal: 'ir[12]'                                                                              ;
+--------+-----------+----------------+--------------+-------------+--------------+------------+------------+
; Slack  ; From Node ; To Node        ; Launch Clock ; Latch Clock ; Relationship ; Clock Skew ; Data Delay ;
+--------+-----------+----------------+--------------+-------------+--------------+------------+------------+
; -0.968 ; ir[12]    ; immed[6]$latch ; ir[12]       ; ir[12]      ; 0.000        ; 2.499      ; 1.531      ;
; -0.965 ; ir[12]    ; immed[7]$latch ; ir[12]       ; ir[12]      ; 0.000        ; 2.498      ; 1.533      ;
; -0.468 ; ir[12]    ; immed[6]$latch ; ir[12]       ; ir[12]      ; -0.500       ; 2.499      ; 1.531      ;
; -0.465 ; ir[12]    ; immed[7]$latch ; ir[12]       ; ir[12]      ; -0.500       ; 2.498      ; 1.533      ;
+--------+-----------+----------------+--------------+-------------+--------------+------------+------------+


+---------------------------------------------------------------------------------------------------------------+
; Fast Model Minimum Pulse Width: 'ir[12]'                                                                      ;
+--------+--------------+----------------+------------------+--------+------------+-----------------------------+
; Slack  ; Actual Width ; Required Width ; Type             ; Clock  ; Clock Edge ; Target                      ;
+--------+--------------+----------------+------------------+--------+------------+-----------------------------+
; -1.222 ; 1.000        ; 2.222          ; Port Rate        ; ir[12] ; Rise       ; ir[12]                      ;
; 0.500  ; 0.500        ; 0.000          ; High Pulse Width ; ir[12] ; Rise       ; Equal0~0clkctrl|inclk[0]    ;
; 0.500  ; 0.500        ; 0.000          ; Low Pulse Width  ; ir[12] ; Rise       ; Equal0~0clkctrl|inclk[0]    ;
; 0.500  ; 0.500        ; 0.000          ; High Pulse Width ; ir[12] ; Rise       ; Equal0~0clkctrl|outclk      ;
; 0.500  ; 0.500        ; 0.000          ; Low Pulse Width  ; ir[12] ; Rise       ; Equal0~0clkctrl|outclk      ;
; 0.500  ; 0.500        ; 0.000          ; High Pulse Width ; ir[12] ; Rise       ; Equal0~0|combout            ;
; 0.500  ; 0.500        ; 0.000          ; Low Pulse Width  ; ir[12] ; Rise       ; Equal0~0|combout            ;
; 0.500  ; 0.500        ; 0.000          ; High Pulse Width ; ir[12] ; Rise       ; Equal0~0|datad              ;
; 0.500  ; 0.500        ; 0.000          ; Low Pulse Width  ; ir[12] ; Rise       ; Equal0~0|datad              ;
; 0.500  ; 0.500        ; 0.000          ; High Pulse Width ; ir[12] ; Fall       ; immed[0]$latch              ;
; 0.500  ; 0.500        ; 0.000          ; Low Pulse Width  ; ir[12] ; Fall       ; immed[0]$latch              ;
; 0.500  ; 0.500        ; 0.000          ; High Pulse Width ; ir[12] ; Rise       ; immed[0]$latch|datad        ;
; 0.500  ; 0.500        ; 0.000          ; Low Pulse Width  ; ir[12] ; Rise       ; immed[0]$latch|datad        ;
; 0.500  ; 0.500        ; 0.000          ; High Pulse Width ; ir[12] ; Rise       ; immed[15]~1clkctrl|inclk[0] ;
; 0.500  ; 0.500        ; 0.000          ; Low Pulse Width  ; ir[12] ; Rise       ; immed[15]~1clkctrl|inclk[0] ;
; 0.500  ; 0.500        ; 0.000          ; High Pulse Width ; ir[12] ; Rise       ; immed[15]~1clkctrl|outclk   ;
; 0.500  ; 0.500        ; 0.000          ; Low Pulse Width  ; ir[12] ; Rise       ; immed[15]~1clkctrl|outclk   ;
; 0.500  ; 0.500        ; 0.000          ; High Pulse Width ; ir[12] ; Rise       ; immed[15]~1|combout         ;
; 0.500  ; 0.500        ; 0.000          ; Low Pulse Width  ; ir[12] ; Rise       ; immed[15]~1|combout         ;
; 0.500  ; 0.500        ; 0.000          ; High Pulse Width ; ir[12] ; Rise       ; immed[15]~1|datad           ;
; 0.500  ; 0.500        ; 0.000          ; Low Pulse Width  ; ir[12] ; Rise       ; immed[15]~1|datad           ;
; 0.500  ; 0.500        ; 0.000          ; High Pulse Width ; ir[12] ; Fall       ; immed[1]$latch              ;
; 0.500  ; 0.500        ; 0.000          ; Low Pulse Width  ; ir[12] ; Fall       ; immed[1]$latch              ;
; 0.500  ; 0.500        ; 0.000          ; High Pulse Width ; ir[12] ; Rise       ; immed[1]$latch|datad        ;
; 0.500  ; 0.500        ; 0.000          ; Low Pulse Width  ; ir[12] ; Rise       ; immed[1]$latch|datad        ;
; 0.500  ; 0.500        ; 0.000          ; High Pulse Width ; ir[12] ; Fall       ; immed[2]$latch              ;
; 0.500  ; 0.500        ; 0.000          ; Low Pulse Width  ; ir[12] ; Fall       ; immed[2]$latch              ;
; 0.500  ; 0.500        ; 0.000          ; High Pulse Width ; ir[12] ; Rise       ; immed[2]$latch|datad        ;
; 0.500  ; 0.500        ; 0.000          ; Low Pulse Width  ; ir[12] ; Rise       ; immed[2]$latch|datad        ;
; 0.500  ; 0.500        ; 0.000          ; High Pulse Width ; ir[12] ; Fall       ; immed[3]$latch              ;
; 0.500  ; 0.500        ; 0.000          ; Low Pulse Width  ; ir[12] ; Fall       ; immed[3]$latch              ;
; 0.500  ; 0.500        ; 0.000          ; High Pulse Width ; ir[12] ; Rise       ; immed[3]$latch|datad        ;
; 0.500  ; 0.500        ; 0.000          ; Low Pulse Width  ; ir[12] ; Rise       ; immed[3]$latch|datad        ;
; 0.500  ; 0.500        ; 0.000          ; High Pulse Width ; ir[12] ; Fall       ; immed[4]$latch              ;
; 0.500  ; 0.500        ; 0.000          ; Low Pulse Width  ; ir[12] ; Fall       ; immed[4]$latch              ;
; 0.500  ; 0.500        ; 0.000          ; High Pulse Width ; ir[12] ; Rise       ; immed[4]$latch|datad        ;
; 0.500  ; 0.500        ; 0.000          ; Low Pulse Width  ; ir[12] ; Rise       ; immed[4]$latch|datad        ;
; 0.500  ; 0.500        ; 0.000          ; High Pulse Width ; ir[12] ; Fall       ; immed[5]$latch              ;
; 0.500  ; 0.500        ; 0.000          ; Low Pulse Width  ; ir[12] ; Fall       ; immed[5]$latch              ;
; 0.500  ; 0.500        ; 0.000          ; High Pulse Width ; ir[12] ; Rise       ; immed[5]$latch|datad        ;
; 0.500  ; 0.500        ; 0.000          ; Low Pulse Width  ; ir[12] ; Rise       ; immed[5]$latch|datad        ;
; 0.500  ; 0.500        ; 0.000          ; High Pulse Width ; ir[12] ; Fall       ; immed[6]$latch              ;
; 0.500  ; 0.500        ; 0.000          ; Low Pulse Width  ; ir[12] ; Fall       ; immed[6]$latch              ;
; 0.500  ; 0.500        ; 0.000          ; High Pulse Width ; ir[12] ; Rise       ; immed[6]$latch|datad        ;
; 0.500  ; 0.500        ; 0.000          ; Low Pulse Width  ; ir[12] ; Rise       ; immed[6]$latch|datad        ;
; 0.500  ; 0.500        ; 0.000          ; High Pulse Width ; ir[12] ; Fall       ; immed[7]$latch              ;
; 0.500  ; 0.500        ; 0.000          ; Low Pulse Width  ; ir[12] ; Fall       ; immed[7]$latch              ;
; 0.500  ; 0.500        ; 0.000          ; High Pulse Width ; ir[12] ; Rise       ; immed[7]$latch|datad        ;
; 0.500  ; 0.500        ; 0.000          ; Low Pulse Width  ; ir[12] ; Rise       ; immed[7]$latch|datad        ;
; 0.500  ; 0.500        ; 0.000          ; High Pulse Width ; ir[12] ; Rise       ; ir[12]|combout              ;
; 0.500  ; 0.500        ; 0.000          ; Low Pulse Width  ; ir[12] ; Rise       ; ir[12]|combout              ;
+--------+--------------+----------------+------------------+--------+------------+-----------------------------+


+-----------------------------------------------------------------------+
; Setup Times                                                           ;
+-----------+------------+-------+-------+------------+-----------------+
; Data Port ; Clock Port ; Rise  ; Fall  ; Clock Edge ; Clock Reference ;
+-----------+------------+-------+-------+------------+-----------------+
; ir[*]     ; ir[12]     ; 1.555 ; 1.555 ; Fall       ; ir[12]          ;
;  ir[0]    ; ir[12]     ; 1.212 ; 1.212 ; Fall       ; ir[12]          ;
;  ir[1]    ; ir[12]     ; 1.224 ; 1.224 ; Fall       ; ir[12]          ;
;  ir[2]    ; ir[12]     ; 1.227 ; 1.227 ; Fall       ; ir[12]          ;
;  ir[3]    ; ir[12]     ; 1.200 ; 1.200 ; Fall       ; ir[12]          ;
;  ir[4]    ; ir[12]     ; 1.138 ; 1.138 ; Fall       ; ir[12]          ;
;  ir[5]    ; ir[12]     ; 1.241 ; 1.241 ; Fall       ; ir[12]          ;
;  ir[6]    ; ir[12]     ; 1.515 ; 1.515 ; Fall       ; ir[12]          ;
;  ir[7]    ; ir[12]     ; 1.555 ; 1.555 ; Fall       ; ir[12]          ;
+-----------+------------+-------+-------+------------+-----------------+


+-------------------------------------------------------------------------+
; Hold Times                                                              ;
+-----------+------------+--------+--------+------------+-----------------+
; Data Port ; Clock Port ; Rise   ; Fall   ; Clock Edge ; Clock Reference ;
+-----------+------------+--------+--------+------------+-----------------+
; ir[*]     ; ir[12]     ; -0.867 ; -0.867 ; Fall       ; ir[12]          ;
;  ir[0]    ; ir[12]     ; -0.941 ; -0.941 ; Fall       ; ir[12]          ;
;  ir[1]    ; ir[12]     ; -0.953 ; -0.953 ; Fall       ; ir[12]          ;
;  ir[2]    ; ir[12]     ; -0.956 ; -0.956 ; Fall       ; ir[12]          ;
;  ir[3]    ; ir[12]     ; -0.929 ; -0.929 ; Fall       ; ir[12]          ;
;  ir[4]    ; ir[12]     ; -0.867 ; -0.867 ; Fall       ; ir[12]          ;
;  ir[5]    ; ir[12]     ; -0.970 ; -0.970 ; Fall       ; ir[12]          ;
;  ir[6]    ; ir[12]     ; -1.173 ; -1.173 ; Fall       ; ir[12]          ;
;  ir[7]    ; ir[12]     ; -1.213 ; -1.213 ; Fall       ; ir[12]          ;
+-----------+------------+--------+--------+------------+-----------------+


+-----------------------------------------------------------------------+
; Clock to Output Times                                                 ;
+-----------+------------+-------+-------+------------+-----------------+
; Data Port ; Clock Port ; Rise  ; Fall  ; Clock Edge ; Clock Reference ;
+-----------+------------+-------+-------+------------+-----------------+
; immed_x2  ; ir[12]     ; 5.341 ; 5.341 ; Rise       ; ir[12]          ;
; in_d      ; ir[12]     ; 5.253 ; 5.253 ; Rise       ; ir[12]          ;
; ldpc      ; ir[12]     ; 5.323 ; 5.323 ; Rise       ; ir[12]          ;
; word_byte ; ir[12]     ; 5.320 ; 5.320 ; Rise       ; ir[12]          ;
; wr_m      ; ir[12]     ; 5.313 ; 5.313 ; Rise       ; ir[12]          ;
; immed[*]  ; ir[12]     ; 4.422 ; 4.422 ; Fall       ; ir[12]          ;
;  immed[0] ; ir[12]     ; 4.323 ; 4.323 ; Fall       ; ir[12]          ;
;  immed[1] ; ir[12]     ; 4.309 ; 4.309 ; Fall       ; ir[12]          ;
;  immed[2] ; ir[12]     ; 4.223 ; 4.223 ; Fall       ; ir[12]          ;
;  immed[3] ; ir[12]     ; 4.280 ; 4.280 ; Fall       ; ir[12]          ;
;  immed[4] ; ir[12]     ; 4.128 ; 4.128 ; Fall       ; ir[12]          ;
;  immed[5] ; ir[12]     ; 4.282 ; 4.282 ; Fall       ; ir[12]          ;
;  immed[6] ; ir[12]     ; 4.363 ; 4.363 ; Fall       ; ir[12]          ;
;  immed[7] ; ir[12]     ; 4.422 ; 4.422 ; Fall       ; ir[12]          ;
; immed_x2  ; ir[12]     ; 5.341 ; 5.341 ; Fall       ; ir[12]          ;
; in_d      ; ir[12]     ; 5.253 ; 5.253 ; Fall       ; ir[12]          ;
; ldpc      ; ir[12]     ; 5.323 ; 5.323 ; Fall       ; ir[12]          ;
; word_byte ; ir[12]     ; 5.320 ; 5.320 ; Fall       ; ir[12]          ;
; wr_m      ; ir[12]     ; 5.313 ; 5.313 ; Fall       ; ir[12]          ;
+-----------+------------+-------+-------+------------+-----------------+


+-----------------------------------------------------------------------+
; Minimum Clock to Output Times                                         ;
+-----------+------------+-------+-------+------------+-----------------+
; Data Port ; Clock Port ; Rise  ; Fall  ; Clock Edge ; Clock Reference ;
+-----------+------------+-------+-------+------------+-----------------+
; immed_x2  ; ir[12]     ; 5.341 ; 5.341 ; Rise       ; ir[12]          ;
; in_d      ; ir[12]     ; 5.253 ; 5.253 ; Rise       ; ir[12]          ;
; ldpc      ; ir[12]     ; 5.323 ; 5.323 ; Rise       ; ir[12]          ;
; word_byte ; ir[12]     ; 5.320 ; 5.320 ; Rise       ; ir[12]          ;
; wr_m      ; ir[12]     ; 5.313 ; 5.313 ; Rise       ; ir[12]          ;
; immed[*]  ; ir[12]     ; 4.128 ; 4.128 ; Fall       ; ir[12]          ;
;  immed[0] ; ir[12]     ; 4.323 ; 4.323 ; Fall       ; ir[12]          ;
;  immed[1] ; ir[12]     ; 4.309 ; 4.309 ; Fall       ; ir[12]          ;
;  immed[2] ; ir[12]     ; 4.223 ; 4.223 ; Fall       ; ir[12]          ;
;  immed[3] ; ir[12]     ; 4.280 ; 4.280 ; Fall       ; ir[12]          ;
;  immed[4] ; ir[12]     ; 4.128 ; 4.128 ; Fall       ; ir[12]          ;
;  immed[5] ; ir[12]     ; 4.282 ; 4.282 ; Fall       ; ir[12]          ;
;  immed[6] ; ir[12]     ; 4.363 ; 4.363 ; Fall       ; ir[12]          ;
;  immed[7] ; ir[12]     ; 4.422 ; 4.422 ; Fall       ; ir[12]          ;
; immed_x2  ; ir[12]     ; 5.341 ; 5.341 ; Fall       ; ir[12]          ;
; in_d      ; ir[12]     ; 5.253 ; 5.253 ; Fall       ; ir[12]          ;
; ldpc      ; ir[12]     ; 5.323 ; 5.323 ; Fall       ; ir[12]          ;
; word_byte ; ir[12]     ; 5.320 ; 5.320 ; Fall       ; ir[12]          ;
; wr_m      ; ir[12]     ; 5.313 ; 5.313 ; Fall       ; ir[12]          ;
+-----------+------------+-------+-------+------------+-----------------+


+----------------------------------------------------------+
; Propagation Delay                                        ;
+------------+-------------+-------+-------+-------+-------+
; Input Port ; Output Port ; RR    ; RF    ; FR    ; FF    ;
+------------+-------------+-------+-------+-------+-------+
; ir[6]      ; addr_a[0]   ; 4.970 ;       ;       ; 4.970 ;
; ir[7]      ; addr_a[1]   ; 4.973 ;       ;       ; 4.973 ;
; ir[8]      ; addr_a[2]   ; 5.027 ;       ;       ; 5.027 ;
; ir[9]      ; addr_b[0]   ; 5.064 ;       ;       ; 5.064 ;
; ir[9]      ; addr_d[0]   ; 5.044 ;       ;       ; 5.044 ;
; ir[10]     ; addr_b[1]   ; 4.959 ;       ;       ; 4.959 ;
; ir[10]     ; addr_d[1]   ; 4.959 ;       ;       ; 4.959 ;
; ir[11]     ; addr_b[2]   ; 4.582 ;       ;       ; 4.582 ;
; ir[11]     ; addr_d[2]   ; 4.582 ;       ;       ; 4.582 ;
; ir[13]     ; immed_x2    ; 5.560 ; 5.560 ; 5.560 ; 5.560 ;
; ir[13]     ; in_d        ; 5.445 ; 5.445 ; 5.445 ; 5.445 ;
; ir[13]     ; ldpc        ;       ; 5.522 ; 5.522 ;       ;
; ir[13]     ; word_byte   ; 5.537 ; 5.537 ; 5.537 ; 5.537 ;
; ir[13]     ; wr_m        ; 5.528 ; 5.528 ; 5.528 ; 5.528 ;
; ir[14]     ; immed_x2    ; 5.622 ; 5.622 ; 5.622 ; 5.622 ;
; ir[14]     ; in_d        ; 5.508 ; 5.508 ; 5.508 ; 5.508 ;
; ir[14]     ; ldpc        ;       ; 5.578 ; 5.578 ;       ;
; ir[14]     ; word_byte   ; 5.617 ;       ;       ; 5.617 ;
; ir[14]     ; wr_m        ; 5.611 ;       ;       ; 5.611 ;
; ir[15]     ; immed_x2    ;       ; 5.555 ; 5.555 ;       ;
; ir[15]     ; in_d        ; 5.447 ; 5.447 ; 5.447 ; 5.447 ;
; ir[15]     ; ldpc        ;       ; 5.516 ; 5.516 ;       ;
; ir[15]     ; word_byte   ; 5.528 ;       ;       ; 5.528 ;
; ir[15]     ; wr_m        ; 5.525 ; 5.525 ; 5.525 ; 5.525 ;
+------------+-------------+-------+-------+-------+-------+


+----------------------------------------------------------+
; Minimum Propagation Delay                                ;
+------------+-------------+-------+-------+-------+-------+
; Input Port ; Output Port ; RR    ; RF    ; FR    ; FF    ;
+------------+-------------+-------+-------+-------+-------+
; ir[6]      ; addr_a[0]   ; 4.970 ;       ;       ; 4.970 ;
; ir[7]      ; addr_a[1]   ; 4.973 ;       ;       ; 4.973 ;
; ir[8]      ; addr_a[2]   ; 5.027 ;       ;       ; 5.027 ;
; ir[9]      ; addr_b[0]   ; 5.064 ;       ;       ; 5.064 ;
; ir[9]      ; addr_d[0]   ; 5.044 ;       ;       ; 5.044 ;
; ir[10]     ; addr_b[1]   ; 4.959 ;       ;       ; 4.959 ;
; ir[10]     ; addr_d[1]   ; 4.959 ;       ;       ; 4.959 ;
; ir[11]     ; addr_b[2]   ; 4.582 ;       ;       ; 4.582 ;
; ir[11]     ; addr_d[2]   ; 4.582 ;       ;       ; 4.582 ;
; ir[13]     ; immed_x2    ; 5.560 ; 5.560 ; 5.560 ; 5.560 ;
; ir[13]     ; in_d        ; 5.445 ; 5.445 ; 5.445 ; 5.445 ;
; ir[13]     ; ldpc        ;       ; 5.522 ; 5.522 ;       ;
; ir[13]     ; word_byte   ; 5.537 ; 5.537 ; 5.537 ; 5.537 ;
; ir[13]     ; wr_m        ; 5.528 ; 5.528 ; 5.528 ; 5.528 ;
; ir[14]     ; immed_x2    ; 5.622 ; 5.622 ; 5.622 ; 5.622 ;
; ir[14]     ; in_d        ; 5.508 ; 5.508 ; 5.508 ; 5.508 ;
; ir[14]     ; ldpc        ;       ; 5.578 ; 5.578 ;       ;
; ir[14]     ; word_byte   ; 5.617 ;       ;       ; 5.617 ;
; ir[14]     ; wr_m        ; 5.611 ;       ;       ; 5.611 ;
; ir[15]     ; immed_x2    ;       ; 5.555 ; 5.555 ;       ;
; ir[15]     ; in_d        ; 5.447 ; 5.447 ; 5.447 ; 5.447 ;
; ir[15]     ; ldpc        ;       ; 5.516 ; 5.516 ;       ;
; ir[15]     ; word_byte   ; 5.528 ;       ;       ; 5.528 ;
; ir[15]     ; wr_m        ; 5.525 ; 5.525 ; 5.525 ; 5.525 ;
+------------+-------------+-------+-------+-------+-------+


+----------------------------------------------------------------------------+
; Multicorner Timing Analysis Summary                                        ;
+------------------+-------+------+----------+---------+---------------------+
; Clock            ; Setup ; Hold ; Recovery ; Removal ; Minimum Pulse Width ;
+------------------+-------+------+----------+---------+---------------------+
; Worst-case Slack ; N/A   ; N/A  ; 0.724    ; -1.221  ; -1.469              ;
;  ir[12]          ; N/A   ; N/A  ; 0.724    ; -1.221  ; -1.469              ;
; Design-wide TNS  ; 0.0   ; 0.0  ; 0.0      ; -2.441  ; -1.469              ;
;  ir[12]          ; N/A   ; N/A  ; 0.000    ; -2.441  ; -1.469              ;
+------------------+-------+------+----------+---------+---------------------+


+-----------------------------------------------------------------------+
; Setup Times                                                           ;
+-----------+------------+-------+-------+------------+-----------------+
; Data Port ; Clock Port ; Rise  ; Fall  ; Clock Edge ; Clock Reference ;
+-----------+------------+-------+-------+------------+-----------------+
; ir[*]     ; ir[12]     ; 3.498 ; 3.498 ; Fall       ; ir[12]          ;
;  ir[0]    ; ir[12]     ; 2.499 ; 2.499 ; Fall       ; ir[12]          ;
;  ir[1]    ; ir[12]     ; 2.505 ; 2.505 ; Fall       ; ir[12]          ;
;  ir[2]    ; ir[12]     ; 2.500 ; 2.500 ; Fall       ; ir[12]          ;
;  ir[3]    ; ir[12]     ; 2.481 ; 2.481 ; Fall       ; ir[12]          ;
;  ir[4]    ; ir[12]     ; 2.196 ; 2.196 ; Fall       ; ir[12]          ;
;  ir[5]    ; ir[12]     ; 2.549 ; 2.549 ; Fall       ; ir[12]          ;
;  ir[6]    ; ir[12]     ; 3.453 ; 3.453 ; Fall       ; ir[12]          ;
;  ir[7]    ; ir[12]     ; 3.498 ; 3.498 ; Fall       ; ir[12]          ;
+-----------+------------+-------+-------+------------+-----------------+


+-------------------------------------------------------------------------+
; Hold Times                                                              ;
+-----------+------------+--------+--------+------------+-----------------+
; Data Port ; Clock Port ; Rise   ; Fall   ; Clock Edge ; Clock Reference ;
+-----------+------------+--------+--------+------------+-----------------+
; ir[*]     ; ir[12]     ; -0.867 ; -0.867 ; Fall       ; ir[12]          ;
;  ir[0]    ; ir[12]     ; -0.941 ; -0.941 ; Fall       ; ir[12]          ;
;  ir[1]    ; ir[12]     ; -0.953 ; -0.953 ; Fall       ; ir[12]          ;
;  ir[2]    ; ir[12]     ; -0.956 ; -0.956 ; Fall       ; ir[12]          ;
;  ir[3]    ; ir[12]     ; -0.929 ; -0.929 ; Fall       ; ir[12]          ;
;  ir[4]    ; ir[12]     ; -0.867 ; -0.867 ; Fall       ; ir[12]          ;
;  ir[5]    ; ir[12]     ; -0.970 ; -0.970 ; Fall       ; ir[12]          ;
;  ir[6]    ; ir[12]     ; -1.173 ; -1.173 ; Fall       ; ir[12]          ;
;  ir[7]    ; ir[12]     ; -1.213 ; -1.213 ; Fall       ; ir[12]          ;
+-----------+------------+--------+--------+------------+-----------------+


+-------------------------------------------------------------------------+
; Clock to Output Times                                                   ;
+-----------+------------+--------+--------+------------+-----------------+
; Data Port ; Clock Port ; Rise   ; Fall   ; Clock Edge ; Clock Reference ;
+-----------+------------+--------+--------+------------+-----------------+
; immed_x2  ; ir[12]     ; 10.452 ; 10.452 ; Rise       ; ir[12]          ;
; in_d      ; ir[12]     ; 10.154 ; 10.154 ; Rise       ; ir[12]          ;
; ldpc      ; ir[12]     ; 10.397 ; 10.397 ; Rise       ; ir[12]          ;
; word_byte ; ir[12]     ; 10.416 ; 10.416 ; Rise       ; ir[12]          ;
; wr_m      ; ir[12]     ; 10.373 ; 10.373 ; Rise       ; ir[12]          ;
; immed[*]  ; ir[12]     ; 8.747  ; 8.747  ; Fall       ; ir[12]          ;
;  immed[0] ; ir[12]     ; 8.568  ; 8.568  ; Fall       ; ir[12]          ;
;  immed[1] ; ir[12]     ; 8.556  ; 8.556  ; Fall       ; ir[12]          ;
;  immed[2] ; ir[12]     ; 8.465  ; 8.465  ; Fall       ; ir[12]          ;
;  immed[3] ; ir[12]     ; 8.527  ; 8.527  ; Fall       ; ir[12]          ;
;  immed[4] ; ir[12]     ; 8.216  ; 8.216  ; Fall       ; ir[12]          ;
;  immed[5] ; ir[12]     ; 8.596  ; 8.596  ; Fall       ; ir[12]          ;
;  immed[6] ; ir[12]     ; 8.672  ; 8.672  ; Fall       ; ir[12]          ;
;  immed[7] ; ir[12]     ; 8.747  ; 8.747  ; Fall       ; ir[12]          ;
; immed_x2  ; ir[12]     ; 10.452 ; 10.452 ; Fall       ; ir[12]          ;
; in_d      ; ir[12]     ; 10.154 ; 10.154 ; Fall       ; ir[12]          ;
; ldpc      ; ir[12]     ; 10.397 ; 10.397 ; Fall       ; ir[12]          ;
; word_byte ; ir[12]     ; 10.416 ; 10.416 ; Fall       ; ir[12]          ;
; wr_m      ; ir[12]     ; 10.373 ; 10.373 ; Fall       ; ir[12]          ;
+-----------+------------+--------+--------+------------+-----------------+


+-----------------------------------------------------------------------+
; Minimum Clock to Output Times                                         ;
+-----------+------------+-------+-------+------------+-----------------+
; Data Port ; Clock Port ; Rise  ; Fall  ; Clock Edge ; Clock Reference ;
+-----------+------------+-------+-------+------------+-----------------+
; immed_x2  ; ir[12]     ; 5.341 ; 5.341 ; Rise       ; ir[12]          ;
; in_d      ; ir[12]     ; 5.253 ; 5.253 ; Rise       ; ir[12]          ;
; ldpc      ; ir[12]     ; 5.323 ; 5.323 ; Rise       ; ir[12]          ;
; word_byte ; ir[12]     ; 5.320 ; 5.320 ; Rise       ; ir[12]          ;
; wr_m      ; ir[12]     ; 5.313 ; 5.313 ; Rise       ; ir[12]          ;
; immed[*]  ; ir[12]     ; 4.128 ; 4.128 ; Fall       ; ir[12]          ;
;  immed[0] ; ir[12]     ; 4.323 ; 4.323 ; Fall       ; ir[12]          ;
;  immed[1] ; ir[12]     ; 4.309 ; 4.309 ; Fall       ; ir[12]          ;
;  immed[2] ; ir[12]     ; 4.223 ; 4.223 ; Fall       ; ir[12]          ;
;  immed[3] ; ir[12]     ; 4.280 ; 4.280 ; Fall       ; ir[12]          ;
;  immed[4] ; ir[12]     ; 4.128 ; 4.128 ; Fall       ; ir[12]          ;
;  immed[5] ; ir[12]     ; 4.282 ; 4.282 ; Fall       ; ir[12]          ;
;  immed[6] ; ir[12]     ; 4.363 ; 4.363 ; Fall       ; ir[12]          ;
;  immed[7] ; ir[12]     ; 4.422 ; 4.422 ; Fall       ; ir[12]          ;
; immed_x2  ; ir[12]     ; 5.341 ; 5.341 ; Fall       ; ir[12]          ;
; in_d      ; ir[12]     ; 5.253 ; 5.253 ; Fall       ; ir[12]          ;
; ldpc      ; ir[12]     ; 5.323 ; 5.323 ; Fall       ; ir[12]          ;
; word_byte ; ir[12]     ; 5.320 ; 5.320 ; Fall       ; ir[12]          ;
; wr_m      ; ir[12]     ; 5.313 ; 5.313 ; Fall       ; ir[12]          ;
+-----------+------------+-------+-------+------------+-----------------+


+--------------------------------------------------------------+
; Progagation Delay                                            ;
+------------+-------------+--------+--------+--------+--------+
; Input Port ; Output Port ; RR     ; RF     ; FR     ; FF     ;
+------------+-------------+--------+--------+--------+--------+
; ir[6]      ; addr_a[0]   ; 9.493  ;        ;        ; 9.493  ;
; ir[7]      ; addr_a[1]   ; 9.504  ;        ;        ; 9.504  ;
; ir[8]      ; addr_a[2]   ; 9.581  ;        ;        ; 9.581  ;
; ir[9]      ; addr_b[0]   ; 9.626  ;        ;        ; 9.626  ;
; ir[9]      ; addr_d[0]   ; 9.606  ;        ;        ; 9.606  ;
; ir[10]     ; addr_b[1]   ; 9.340  ;        ;        ; 9.340  ;
; ir[10]     ; addr_d[1]   ; 9.340  ;        ;        ; 9.340  ;
; ir[11]     ; addr_b[2]   ; 8.503  ;        ;        ; 8.503  ;
; ir[11]     ; addr_d[2]   ; 8.503  ;        ;        ; 8.503  ;
; ir[13]     ; immed_x2    ; 10.991 ; 10.991 ; 10.991 ; 10.991 ;
; ir[13]     ; in_d        ; 10.694 ; 10.694 ; 10.694 ; 10.694 ;
; ir[13]     ; ldpc        ;        ; 10.903 ; 10.903 ;        ;
; ir[13]     ; word_byte   ; 10.955 ; 10.955 ; 10.955 ; 10.955 ;
; ir[13]     ; wr_m        ; 10.955 ; 10.955 ; 10.955 ; 10.955 ;
; ir[14]     ; immed_x2    ; 11.028 ; 11.028 ; 11.028 ; 11.028 ;
; ir[14]     ; in_d        ; 10.731 ; 10.731 ; 10.731 ; 10.731 ;
; ir[14]     ; ldpc        ;        ; 10.973 ; 10.973 ;        ;
; ir[14]     ; word_byte   ; 10.988 ;        ;        ; 10.988 ;
; ir[14]     ; wr_m        ; 10.991 ;        ;        ; 10.991 ;
; ir[15]     ; immed_x2    ;        ; 10.938 ; 10.938 ;        ;
; ir[15]     ; in_d        ; 10.664 ; 10.664 ; 10.664 ; 10.664 ;
; ir[15]     ; ldpc        ;        ; 10.913 ; 10.913 ;        ;
; ir[15]     ; word_byte   ; 10.956 ;        ;        ; 10.956 ;
; ir[15]     ; wr_m        ; 10.961 ; 10.961 ; 10.961 ; 10.961 ;
+------------+-------------+--------+--------+--------+--------+


+----------------------------------------------------------+
; Minimum Progagation Delay                                ;
+------------+-------------+-------+-------+-------+-------+
; Input Port ; Output Port ; RR    ; RF    ; FR    ; FF    ;
+------------+-------------+-------+-------+-------+-------+
; ir[6]      ; addr_a[0]   ; 4.970 ;       ;       ; 4.970 ;
; ir[7]      ; addr_a[1]   ; 4.973 ;       ;       ; 4.973 ;
; ir[8]      ; addr_a[2]   ; 5.027 ;       ;       ; 5.027 ;
; ir[9]      ; addr_b[0]   ; 5.064 ;       ;       ; 5.064 ;
; ir[9]      ; addr_d[0]   ; 5.044 ;       ;       ; 5.044 ;
; ir[10]     ; addr_b[1]   ; 4.959 ;       ;       ; 4.959 ;
; ir[10]     ; addr_d[1]   ; 4.959 ;       ;       ; 4.959 ;
; ir[11]     ; addr_b[2]   ; 4.582 ;       ;       ; 4.582 ;
; ir[11]     ; addr_d[2]   ; 4.582 ;       ;       ; 4.582 ;
; ir[13]     ; immed_x2    ; 5.560 ; 5.560 ; 5.560 ; 5.560 ;
; ir[13]     ; in_d        ; 5.445 ; 5.445 ; 5.445 ; 5.445 ;
; ir[13]     ; ldpc        ;       ; 5.522 ; 5.522 ;       ;
; ir[13]     ; word_byte   ; 5.537 ; 5.537 ; 5.537 ; 5.537 ;
; ir[13]     ; wr_m        ; 5.528 ; 5.528 ; 5.528 ; 5.528 ;
; ir[14]     ; immed_x2    ; 5.622 ; 5.622 ; 5.622 ; 5.622 ;
; ir[14]     ; in_d        ; 5.508 ; 5.508 ; 5.508 ; 5.508 ;
; ir[14]     ; ldpc        ;       ; 5.578 ; 5.578 ;       ;
; ir[14]     ; word_byte   ; 5.617 ;       ;       ; 5.617 ;
; ir[14]     ; wr_m        ; 5.611 ;       ;       ; 5.611 ;
; ir[15]     ; immed_x2    ;       ; 5.555 ; 5.555 ;       ;
; ir[15]     ; in_d        ; 5.447 ; 5.447 ; 5.447 ; 5.447 ;
; ir[15]     ; ldpc        ;       ; 5.516 ; 5.516 ;       ;
; ir[15]     ; word_byte   ; 5.528 ;       ;       ; 5.528 ;
; ir[15]     ; wr_m        ; 5.525 ; 5.525 ; 5.525 ; 5.525 ;
+------------+-------------+-------+-------+-------+-------+


+-------------------------------------------------------------------+
; Recovery Transfers                                                ;
+------------+----------+----------+----------+----------+----------+
; From Clock ; To Clock ; RR Paths ; FR Paths ; RF Paths ; FF Paths ;
+------------+----------+----------+----------+----------+----------+
; ir[12]     ; ir[12]   ; 0        ; 0        ; 2        ; 2        ;
+------------+----------+----------+----------+----------+----------+
Entries labeled "false path" only account for clock-to-clock false paths and not path-based false paths. As a result, actual path counts may be lower than reported.


+-------------------------------------------------------------------+
; Removal Transfers                                                 ;
+------------+----------+----------+----------+----------+----------+
; From Clock ; To Clock ; RR Paths ; FR Paths ; RF Paths ; FF Paths ;
+------------+----------+----------+----------+----------+----------+
; ir[12]     ; ir[12]   ; 0        ; 0        ; 2        ; 2        ;
+------------+----------+----------+----------+----------+----------+
Entries labeled "false path" only account for clock-to-clock false paths and not path-based false paths. As a result, actual path counts may be lower than reported.


---------------
; Report TCCS ;
---------------
No dedicated SERDES Transmitter circuitry present in device or used in design


---------------
; Report RSKM ;
---------------
No dedicated SERDES Receiver circuitry present in device or used in design


+------------------------------------------------+
; Unconstrained Paths                            ;
+---------------------------------+-------+------+
; Property                        ; Setup ; Hold ;
+---------------------------------+-------+------+
; Illegal Clocks                  ; 0     ; 0    ;
; Unconstrained Clocks            ; 0     ; 0    ;
; Unconstrained Input Ports       ; 16    ; 16   ;
; Unconstrained Input Port Paths  ; 50    ; 50   ;
; Unconstrained Output Ports      ; 24    ; 24   ;
; Unconstrained Output Port Paths ; 39    ; 39   ;
+---------------------------------+-------+------+


+------------------------------------+
; TimeQuest Timing Analyzer Messages ;
+------------------------------------+
Info: *******************************************************************
Info: Running Quartus II 64-Bit TimeQuest Timing Analyzer
    Info: Version 13.0.1 Build 232 06/12/2013 Service Pack 1 SJ Web Edition
    Info: Processing started: Thu Mar 15 14:03:24 2018
Info: Command: quartus_sta ProcesadorMulticicle -c ProcesadorMulticicle
Info: qsta_default_script.tcl version: #1
Info (11104): Parallel Compilation has detected 8 hyper-threaded processors. However, the extra hyper-threaded processors will not be used by default. Parallel Compilation will use 4 of the 4 physical processors detected instead.
Info (21077): Low junction temperature is 0 degrees C
Info (21077): High junction temperature is 85 degrees C
Warning (335093): TimeQuest Timing Analyzer is analyzing 10 combinational loops as latches.
Critical Warning (332012): Synopsys Design Constraints File file not found: 'ProcesadorMulticicle.sdc'. A Synopsys Design Constraints File is required by the TimeQuest Timing Analyzer to get proper timing constraints. Without it, the Compiler will not properly optimize the design.
Info (332142): No user constrained base clocks found in the design. Calling "derive_clocks -period 1.0"
Info (332105): Deriving Clocks
    Info (332105): create_clock -period 1.000 -name ir[12] ir[12]
Info (332097): The following timing edges are non-unate.  TimeQuest will assume pos-unate behavior for these edges in the clock network.
    Info (332098): Cell: immed[15]~1  from: datad  to: combout
Info: Found TIMEQUEST_REPORT_SCRIPT_INCLUDE_DEFAULT_ANALYSIS = ON
Info: Analyzing Slow Model
Info (332140): No fmax paths to report
Info (332140): No Setup paths to report
Info (332140): No Hold paths to report
Info (332146): Worst-case recovery slack is 0.724
    Info (332119):     Slack End Point TNS Clock 
    Info (332119): ========= ============= =====================
    Info (332119):     0.724         0.000 ir[12] 
Critical Warning (332148): Timing requirements not met
Info (332146): Worst-case removal slack is -1.221
    Info (332119):     Slack End Point TNS Clock 
    Info (332119): ========= ============= =====================
    Info (332119):    -1.221        -2.441 ir[12] 
Info (332146): Worst-case minimum pulse width slack is -1.469
    Info (332119):     Slack End Point TNS Clock 
    Info (332119): ========= ============= =====================
    Info (332119):    -1.469        -1.469 ir[12] 
Info (332001): The selected device family is not supported by the report_metastability command.
Info: Analyzing Fast Model
Info (332097): The following timing edges are non-unate.  TimeQuest will assume pos-unate behavior for these edges in the clock network.
    Info (332098): Cell: immed[15]~1  from: datad  to: combout
Info (332140): No Setup paths to report
Info (332140): No Hold paths to report
Info (332146): Worst-case recovery slack is 1.123
    Info (332119):     Slack End Point TNS Clock 
    Info (332119): ========= ============= =====================
    Info (332119):     1.123         0.000 ir[12] 
Critical Warning (332148): Timing requirements not met
Info (332146): Worst-case removal slack is -0.968
    Info (332119):     Slack End Point TNS Clock 
    Info (332119): ========= ============= =====================
    Info (332119):    -0.968        -1.933 ir[12] 
Info (332146): Worst-case minimum pulse width slack is -1.222
    Info (332119):     Slack End Point TNS Clock 
    Info (332119): ========= ============= =====================
    Info (332119):    -1.222        -1.222 ir[12] 
Info (332001): The selected device family is not supported by the report_metastability command.
Info (332102): Design is not fully constrained for setup requirements
Info (332102): Design is not fully constrained for hold requirements
Info: Quartus II 64-Bit TimeQuest Timing Analyzer was successful. 0 errors, 4 warnings
    Info: Peak virtual memory: 421 megabytes
    Info: Processing ended: Thu Mar 15 14:03:25 2018
    Info: Elapsed time: 00:00:01
    Info: Total CPU time (on all processors): 00:00:00


